  Γû▓ Next.js 14.2.3
  - Environments: .env.local

   Creating an optimized production build ...
 Γ£ô Compiled successfully
   Linting and checking validity of types ...

./app/dashboard/layout.tsx
130:15  Warning: Using `<img>` could result in slower LCP and higher bandwidth. Consider using `<Image />` from `next/image` to automatically optimize images. This may incur additional usage or cost from your provider. See: https://nextjs.org/docs/messages/no-img-element  @next/next/no-img-element

./lib/firm/useFirmId.ts
16:6  Warning: React Hook useEffect has a missing dependency: 'supabase'. Either include it or remove the dependency array.  react-hooks/exhaustive-deps

info  - Need to disable some ESLint rules? Learn more here: https://nextjs.org/docs/basic-features/eslint#disabling-rules
node.exe : Failed to compile.
At line:1 char:1
+ & "C:\Program Files\nodejs/node.exe" 
"C:\Users\Jag\AppData\Roaming\np ...
+ ~~~~~~~~~~~~~~~~~~~~~~~~~~~~~~~~~~~~~~~~~~~~~~~~~~~~~~~
~~~~~~~~~~~~~~
    + CategoryInfo          : NotSpecified: (Failed to c 
   ompile.:String) [], RemoteException
    + FullyQualifiedErrorId : NativeCommandError
 

./app/reports/page.tsx:134:103
Type error: Property 'name' does not exist on type 
'Member'.

[0m [90m 132 |[39m             
[33m<[39m[33mselect[39m 
className[33m=[39m{inputClass} 
style[33m=[39m{inputStyle} 
value[33m=[39m{selectedMemberId} 
onChange[33m=[39m{(e) [33m=>[39m setSelectedMemberId(
e[33m.[39mtarget[33m.[39mvalue)}[33m>[39m[0m
[0m [90m 133 |[39m               
[33m<[39m[33moption[39m 
value[33m=[39m[32m""[39m[33m>[39m[33m--[39m 
[33mChoose[39m [33mMember[39m [33m--[39m[33m<[39m
[33m/[39m[33moption[39m[33m>[39m[0m
[0m[31m[1m>[22m[39m[90m 134 |[39m               
{members[33m.[39mfilter(m [33m=>[39m 
m[33m.[39mstatus [33m!==[39m 
[32m'exited'[39m)[33m.[39mmap(m [33m=>[39m 
[33m<[39m[33moption[39m 
key[33m=[39m{m[33m.[39mid} value[33m=[39m{m[33m.[
39mid}[33m>[39m{m[33m.[39mname} ({groups[33m.[39mfi
nd(g[33m=>[39mg[33m.[39mid[33m===[39mm[33m.[39mgr
oup_id)[33m?[39m[33m.[39mname})[33m<[39m[33m/[39m
[33moption[39m[33m>[39m)}[0m
[0m [90m     |[39m                                    
                                                         
          [31m[1m^[22m[39m[0m
[0m [90m 135 |[39m             
[33m<[39m[33m/[39m[33mselect[39m[33m>[39m[0m
[0m [90m 136 |[39m           
[33m<[39m[33m/[39m[33mField[39m[33m>[39m[0m
[0m [90m 137 |[39m           {selectedMemberId 
[33m&&[39m [33m<[39m[33mReportMemberHistory[39m 
memberId[33m=[39m{[33mNumber[39m(selectedMemberId)} 
groups[33m=[39m{groups} 
payments[33m=[39m{filteredPayments} 
auctions[33m=[39m{filteredAuctions} 
[33m/[39m[33m>[39m}[0m
